// Vitest Snapshot v1, https://vitest.dev/guide/snapshot.html

exports[`ApiToken model > jsonSchema should have correct validations 1`] = `
{
  "properties": {
    "id": {
      "format": "uuid",
      "type": "string",
    },
    "token": {
      "minLength": 32,
      "type": "string",
    },
  },
  "type": "object",
}
`;
